// Jest Snapshot v1, https://goo.gl/fbAQLP

exports[`Render Components Case: Gen Stats 1`] = `ShallowWrapper {}`;

exports[`Render Components Case: New Stats 1`] = `ShallowWrapper {}`;

exports[`Render Components Case: Totals 1`] = `ShallowWrapper {}`;

exports[`Render Components Country: General Info 1`] = `ShallowWrapper {}`;

exports[`Render Components Country: Get Image 1`] = `ShallowWrapper {}`;

exports[`Render Components Country: News 1`] = `ShallowWrapper {}`;

exports[`Render Pages About 1`] = `ShallowWrapper {}`;

exports[`Render Pages Cases 1`] = `ShallowWrapper {}`;

exports[`Render Pages Country 1`] = `ShallowWrapper {}`;

exports[`Render Pages Global News 1`] = `ShallowWrapper {}`;

exports[`Render Pages Main 1`] = `ShallowWrapper {}`;

exports[`Render Pages Risk 1`] = `ShallowWrapper {}`;
